2026-07-08 06:35:01 - POST Data:
Array
(
    [action_status] => diajukan
    [ppn_nilai] => 0
    [no_pesanan] => SP/2026/07/0689
    [no_permintaan] => REQ-DUMMY-25
    [tgl_pesanan] => 2026-07-08
    [tglkirim] => 2026-07-07
    [unit] => KTM - ADMISSION & CUSTOMER CARE/KTM
    [nama_lampiran_existing] => 
    [nama_vendor] => ABADI DENTAL LABORATORIUM
    [no_tawar] => 06/SPH/AN/MFR/IX/2015/REV
    [tgl_tawar] => 
    [pembayaran] => Transfer Bank
    [pembayaran1] => -
    [notein] => ok
    [harga_vendor] => 524510
    [diskon_type] => percent
    [diskon_vendor] => 5
    [nama_barang] => Array
        (
            [0] => ac
        )

    [spec] => Array
        (
            [0] => box
        )

    [merk] => Array
        (
            [0] => MedisOne
        )

    [model] => Array
        (
            [0] => A1
        )

    [jumlah] => Array
        (
            [0] => 1
        )

    [satuan] => Array
        (
            [0] => pcs
        )

    [harga_satuan] => Array
        (
            [0] => 525510
        )

    [disc_item] => Array
        (
            [0] => 1000
        )

)


2026-07-08 06:36:25 - POST Data:
Array
(
    [action_status] => diajukan
    [ppn_nilai] => 0
    [no_pesanan] => SP/2026/07/0689
    [no_permintaan] => dasd
    [tgl_pesanan] => 2026-07-08
    [tglkirim] => 2026-07-07
    [unit] => KTM - ADMISSION & CUSTOMER CARE/KTM
    [nama_lampiran_existing] => 
    [nama_vendor] => ABADI NUSA USAHA SEMESTA PT
    [no_tawar] => 06/SPH/AN/MFR/IX/2015/REV
    [tgl_tawar] => 2026-07-07
    [pembayaran] => Transfer Bank
    [pembayaran1] => -
    [notein] => sdasd
    [harga_vendor] => 43360
    [diskon_type] => percent
    [diskon_vendor] => 5
    [nama_barang] => Array
        (
            [0] => sdsdasd
        )

    [spec] => Array
        (
            [0] => sadas
        )

    [merk] => Array
        (
            [0] => sada
        )

    [model] => Array
        (
            [0] => asdas
        )

    [jumlah] => Array
        (
            [0] => 1
        )

    [satuan] => Array
        (
            [0] => pcs
        )

    [harga_satuan] => Array
        (
            [0] => 43440
        )

    [disc_item] => Array
        (
            [0] => 80
        )

)


2026-07-08 13:52:30 - POST Data:
Array
(
    [action_status] => diajukan
    [ppn_nilai] => 0
    [no_pesanan] => SP/2026/07/0689
    [no_permintaan] => dasd
    [tgl_pesanan] => 2026-07-08
    [tglkirim] => 2026-07-07
    [unit] => KTM - ADMISSION & CUSTOMER CARE/KTM
    [nama_lampiran_existing] => 
    [nama_vendor] => ABADI NUSA USAHA SEMESTA PT
    [no_tawar] => 06/SPH/AN/MFR/IX/2015/REV
    [tgl_tawar] => 2026-07-07
    [pembayaran] => Transfer Bank
    [pembayaran1] => -
    [notein] => sdasd
    [harga_vendor] => 43360
    [diskon_type] => percent
    [diskon_vendor] => 5
    [nama_barang] => Array
        (
            [0] => sdsdasd
        )

    [spec] => Array
        (
            [0] => sadas
        )

    [merk] => Array
        (
            [0] => sada
        )

    [model] => Array
        (
            [0] => asdas
        )

    [jumlah] => Array
        (
            [0] => 1
        )

    [satuan] => Array
        (
            [0] => pcs
        )

    [harga_satuan] => Array
        (
            [0] => 43440
        )

    [disc_item] => Array
        (
            [0] => 80
        )

)


2026-07-08 14:17:10 - POST Data:
Array
(
    [action_status] => diajukan
    [ppn_nilai] => 0
    [no_pesanan] => SP/2026/07/0689
    [no_permintaan] => dasd
    [tgl_pesanan] => 2026-07-08
    [tglkirim] => 2026-07-07
    [unit] => KTM - ADMISSION & CUSTOMER CARE/KTM
    [nama_lampiran_existing] => 
    [nama_vendor] => ABADI NUSA USAHA SEMESTA PT
    [no_tawar] => 06/SPH/AN/MFR/IX/2015/REV
    [tgl_tawar] => 2026-07-07
    [pembayaran] => Transfer Bank
    [pembayaran1] => -
    [notein] => sdasd
    [harga_vendor] => 43360
    [diskon_type] => percent
    [diskon_vendor] => 5
    [nama_barang] => Array
        (
            [0] => sdsdasd
        )

    [spec] => Array
        (
            [0] => sadas
        )

    [merk] => Array
        (
            [0] => sada
        )

    [model] => Array
        (
            [0] => asdas
        )

    [jumlah] => Array
        (
            [0] => 1
        )

    [satuan] => Array
        (
            [0] => pcs
        )

    [harga_satuan] => Array
        (
            [0] => 43440
        )

    [disc_item] => Array
        (
            [0] => 80
        )

)


2026-07-09 07:33:47 - POST Data:
Array
(
    [action_status] => diajukan
    [ppn_nilai] => 0
    [no_pesanan] => SP/2026/07/7778
    [no_permintaan] => PO/10818/05/26
    [tgl_pesanan] => 2026-06-28
    [tglkirim] => 2026-07-01
    [unit] => FK - FARMASI KLINIS
    [nama_lampiran_existing] => 
    [nama_vendor] => ABADI NUSA USAHA SEMESTA PT
    [no_tawar] => 36/SPH/AN/MFR/X/2025/REV
    [tgl_tawar] => 2026-07-07
    [pembayaran] => Tunai / Cash
    [pembayaran1] => -
    [notein] => vv
    [harga_vendor] => 499998000
    [diskon_type] => percent
    [diskon_vendor] => 5
    [nama_barang] => Array
        (
            [0] => dssd
        )

    [spec] => Array
        (
            [0] => ada
        )

    [merk] => Array
        (
            [0] => Sindu
        )

    [model] => Array
        (
            [0] => A1
        )

    [jumlah] => Array
        (
            [0] => 10
        )

    [satuan] => Array
        (
            [0] => pcs
        )

    [harga_satuan] => Array
        (
            [0] => 50000000
        )

    [disc_item] => Array
        (
            [0] => 2000
        )

)


2026-07-09 07:34:18 - POST Data:
Array
(
    [action_status] => diajukan
    [ppn_nilai] => 0
    [no_pesanan] => SP/2026/09/00001
    [no_permintaan] => PO/10818/05/26
    [tgl_pesanan] => 2026-06-28
    [tglkirim] => 2026-07-01
    [unit] => FK - FARMASI KLINIS
    [nama_lampiran_existing] => 
    [nama_vendor] => ABADI NUSA USAHA SEMESTA PT
    [no_tawar] => 36/SPH/AN/MFR/X/2025/REV
    [tgl_tawar] => 2026-07-07
    [pembayaran] => Tunai / Cash
    [pembayaran1] => -
    [notein] => vv
    [harga_vendor] => 499998000
    [diskon_type] => percent
    [diskon_vendor] => 5
    [nama_barang] => Array
        (
            [0] => dssd
        )

    [spec] => Array
        (
            [0] => ada
        )

    [merk] => Array
        (
            [0] => Sindu
        )

    [model] => Array
        (
            [0] => A1
        )

    [jumlah] => Array
        (
            [0] => 10
        )

    [satuan] => Array
        (
            [0] => pcs
        )

    [harga_satuan] => Array
        (
            [0] => 50000000
        )

    [disc_item] => Array
        (
            [0] => 2000
        )

)


2026-07-09 07:34:43 - POST Data:
Array
(
    [action_status] => diajukan
    [ppn_nilai] => 0
    [no_pesanan] => SP/2026/09/00012
    [no_permintaan] => PO/10818/09/26
    [tgl_pesanan] => 2026-06-28
    [tglkirim] => 2026-07-01
    [unit] => FK - FARMASI KLINIS
    [nama_lampiran_existing] => 
    [nama_vendor] => ABADI NUSA USAHA SEMESTA PT
    [no_tawar] => 36/SPH/AN/MFR/Xi/2025/REV
    [tgl_tawar] => 2026-07-07
    [pembayaran] => Tunai / Cash
    [pembayaran1] => -
    [notein] => vv
    [harga_vendor] => 499998000
    [diskon_type] => percent
    [diskon_vendor] => 5
    [nama_barang] => Array
        (
            [0] => dssd
        )

    [spec] => Array
        (
            [0] => ada
        )

    [merk] => Array
        (
            [0] => Sindu
        )

    [model] => Array
        (
            [0] => A1
        )

    [jumlah] => Array
        (
            [0] => 10
        )

    [satuan] => Array
        (
            [0] => pcs
        )

    [harga_satuan] => Array
        (
            [0] => 50000000
        )

    [disc_item] => Array
        (
            [0] => 2000
        )

)


2026-07-09 07:34:44 - POST Data:
Array
(
    [action_status] => diajukan
    [ppn_nilai] => 0
    [no_pesanan] => SP/2026/09/00012
    [no_permintaan] => PO/10818/09/26
    [tgl_pesanan] => 2026-06-28
    [tglkirim] => 2026-07-01
    [unit] => FK - FARMASI KLINIS
    [nama_lampiran_existing] => 
    [nama_vendor] => ABADI NUSA USAHA SEMESTA PT
    [no_tawar] => 36/SPH/AN/MFR/Xi/2025/REV
    [tgl_tawar] => 2026-07-07
    [pembayaran] => Tunai / Cash
    [pembayaran1] => -
    [notein] => vv
    [harga_vendor] => 499998000
    [diskon_type] => percent
    [diskon_vendor] => 5
    [nama_barang] => Array
        (
            [0] => dssd
        )

    [spec] => Array
        (
            [0] => ada
        )

    [merk] => Array
        (
            [0] => Sindu
        )

    [model] => Array
        (
            [0] => A1
        )

    [jumlah] => Array
        (
            [0] => 10
        )

    [satuan] => Array
        (
            [0] => pcs
        )

    [harga_satuan] => Array
        (
            [0] => 50000000
        )

    [disc_item] => Array
        (
            [0] => 2000
        )

)


2026-07-09 07:34:45 - POST Data:
Array
(
    [action_status] => diajukan
    [ppn_nilai] => 0
    [no_pesanan] => SP/2026/09/00012
    [no_permintaan] => PO/10818/09/26
    [tgl_pesanan] => 2026-06-28
    [tglkirim] => 2026-07-01
    [unit] => FK - FARMASI KLINIS
    [nama_lampiran_existing] => 
    [nama_vendor] => ABADI NUSA USAHA SEMESTA PT
    [no_tawar] => 36/SPH/AN/MFR/Xi/2025/REV
    [tgl_tawar] => 2026-07-07
    [pembayaran] => Tunai / Cash
    [pembayaran1] => -
    [notein] => vv
    [harga_vendor] => 499998000
    [diskon_type] => percent
    [diskon_vendor] => 5
    [nama_barang] => Array
        (
            [0] => dssd
        )

    [spec] => Array
        (
            [0] => ada
        )

    [merk] => Array
        (
            [0] => Sindu
        )

    [model] => Array
        (
            [0] => A1
        )

    [jumlah] => Array
        (
            [0] => 10
        )

    [satuan] => Array
        (
            [0] => pcs
        )

    [harga_satuan] => Array
        (
            [0] => 50000000
        )

    [disc_item] => Array
        (
            [0] => 2000
        )

)


2026-07-09 07:34:45 - POST Data:
Array
(
    [action_status] => diajukan
    [ppn_nilai] => 0
    [no_pesanan] => SP/2026/09/00012
    [no_permintaan] => PO/10818/09/26
    [tgl_pesanan] => 2026-06-28
    [tglkirim] => 2026-07-01
    [unit] => FK - FARMASI KLINIS
    [nama_lampiran_existing] => 
    [nama_vendor] => ABADI NUSA USAHA SEMESTA PT
    [no_tawar] => 36/SPH/AN/MFR/Xi/2025/REV
    [tgl_tawar] => 2026-07-07
    [pembayaran] => Tunai / Cash
    [pembayaran1] => -
    [notein] => vv
    [harga_vendor] => 499998000
    [diskon_type] => percent
    [diskon_vendor] => 5
    [nama_barang] => Array
        (
            [0] => dssd
        )

    [spec] => Array
        (
            [0] => ada
        )

    [merk] => Array
        (
            [0] => Sindu
        )

    [model] => Array
        (
            [0] => A1
        )

    [jumlah] => Array
        (
            [0] => 10
        )

    [satuan] => Array
        (
            [0] => pcs
        )

    [harga_satuan] => Array
        (
            [0] => 50000000
        )

    [disc_item] => Array
        (
            [0] => 2000
        )

)


2026-07-09 07:35:09 - POST Data:
Array
(
    [action_status] => diajukan
    [ppn_nilai] => 0
    [no_pesanan] => SP/2026/09/00012
    [no_permintaan] => PO/15518/09/26
    [tgl_pesanan] => 2026-06-28
    [tglkirim] => 2026-07-01
    [unit] => FK - FARMASI KLINIS
    [nama_lampiran_existing] => 
    [nama_vendor] => ABADI NUSA USAHA SEMESTA PT
    [no_tawar] => 100/SPH/AN/MFR/XI/2025/REV
    [tgl_tawar] => 2026-07-07
    [pembayaran] => Tunai / Cash
    [pembayaran1] => -
    [notein] => vv
    [harga_vendor] => 499998000
    [diskon_type] => percent
    [diskon_vendor] => 5
    [nama_barang] => Array
        (
            [0] => dssd
        )

    [spec] => Array
        (
            [0] => ada
        )

    [merk] => Array
        (
            [0] => Sindu
        )

    [model] => Array
        (
            [0] => A1
        )

    [jumlah] => Array
        (
            [0] => 10
        )

    [satuan] => Array
        (
            [0] => pcs
        )

    [harga_satuan] => Array
        (
            [0] => 50000000
        )

    [disc_item] => Array
        (
            [0] => 2000
        )

)


2026-07-09 07:35:09 - POST Data:
Array
(
    [action_status] => diajukan
    [ppn_nilai] => 0
    [no_pesanan] => SP/2026/09/00012
    [no_permintaan] => PO/15518/09/26
    [tgl_pesanan] => 2026-06-28
    [tglkirim] => 2026-07-01
    [unit] => FK - FARMASI KLINIS
    [nama_lampiran_existing] => 
    [nama_vendor] => ABADI NUSA USAHA SEMESTA PT
    [no_tawar] => 100/SPH/AN/MFR/XI/2025/REV
    [tgl_tawar] => 2026-07-07
    [pembayaran] => Tunai / Cash
    [pembayaran1] => -
    [notein] => vv
    [harga_vendor] => 499998000
    [diskon_type] => percent
    [diskon_vendor] => 5
    [nama_barang] => Array
        (
            [0] => dssd
        )

    [spec] => Array
        (
            [0] => ada
        )

    [merk] => Array
        (
            [0] => Sindu
        )

    [model] => Array
        (
            [0] => A1
        )

    [jumlah] => Array
        (
            [0] => 10
        )

    [satuan] => Array
        (
            [0] => pcs
        )

    [harga_satuan] => Array
        (
            [0] => 50000000
        )

    [disc_item] => Array
        (
            [0] => 2000
        )

)


2026-07-09 07:35:10 - POST Data:
Array
(
    [action_status] => diajukan
    [ppn_nilai] => 0
    [no_pesanan] => SP/2026/09/00012
    [no_permintaan] => PO/15518/09/26
    [tgl_pesanan] => 2026-06-28
    [tglkirim] => 2026-07-01
    [unit] => FK - FARMASI KLINIS
    [nama_lampiran_existing] => 
    [nama_vendor] => ABADI NUSA USAHA SEMESTA PT
    [no_tawar] => 100/SPH/AN/MFR/XI/2025/REV
    [tgl_tawar] => 2026-07-07
    [pembayaran] => Tunai / Cash
    [pembayaran1] => -
    [notein] => vv
    [harga_vendor] => 499998000
    [diskon_type] => percent
    [diskon_vendor] => 5
    [nama_barang] => Array
        (
            [0] => dssd
        )

    [spec] => Array
        (
            [0] => ada
        )

    [merk] => Array
        (
            [0] => Sindu
        )

    [model] => Array
        (
            [0] => A1
        )

    [jumlah] => Array
        (
            [0] => 10
        )

    [satuan] => Array
        (
            [0] => pcs
        )

    [harga_satuan] => Array
        (
            [0] => 50000000
        )

    [disc_item] => Array
        (
            [0] => 2000
        )

)


2026-07-09 07:35:10 - POST Data:
Array
(
    [action_status] => diajukan
    [ppn_nilai] => 0
    [no_pesanan] => SP/2026/09/00012
    [no_permintaan] => PO/15518/09/26
    [tgl_pesanan] => 2026-06-28
    [tglkirim] => 2026-07-01
    [unit] => FK - FARMASI KLINIS
    [nama_lampiran_existing] => 
    [nama_vendor] => ABADI NUSA USAHA SEMESTA PT
    [no_tawar] => 100/SPH/AN/MFR/XI/2025/REV
    [tgl_tawar] => 2026-07-07
    [pembayaran] => Tunai / Cash
    [pembayaran1] => -
    [notein] => vv
    [harga_vendor] => 499998000
    [diskon_type] => percent
    [diskon_vendor] => 5
    [nama_barang] => Array
        (
            [0] => dssd
        )

    [spec] => Array
        (
            [0] => ada
        )

    [merk] => Array
        (
            [0] => Sindu
        )

    [model] => Array
        (
            [0] => A1
        )

    [jumlah] => Array
        (
            [0] => 10
        )

    [satuan] => Array
        (
            [0] => pcs
        )

    [harga_satuan] => Array
        (
            [0] => 50000000
        )

    [disc_item] => Array
        (
            [0] => 2000
        )

)


2026-07-09 07:35:10 - POST Data:
Array
(
    [action_status] => diajukan
    [ppn_nilai] => 0
    [no_pesanan] => SP/2026/09/00012
    [no_permintaan] => PO/15518/09/26
    [tgl_pesanan] => 2026-06-28
    [tglkirim] => 2026-07-01
    [unit] => FK - FARMASI KLINIS
    [nama_lampiran_existing] => 
    [nama_vendor] => ABADI NUSA USAHA SEMESTA PT
    [no_tawar] => 100/SPH/AN/MFR/XI/2025/REV
    [tgl_tawar] => 2026-07-07
    [pembayaran] => Tunai / Cash
    [pembayaran1] => -
    [notein] => vv
    [harga_vendor] => 499998000
    [diskon_type] => percent
    [diskon_vendor] => 5
    [nama_barang] => Array
        (
            [0] => dssd
        )

    [spec] => Array
        (
            [0] => ada
        )

    [merk] => Array
        (
            [0] => Sindu
        )

    [model] => Array
        (
            [0] => A1
        )

    [jumlah] => Array
        (
            [0] => 10
        )

    [satuan] => Array
        (
            [0] => pcs
        )

    [harga_satuan] => Array
        (
            [0] => 50000000
        )

    [disc_item] => Array
        (
            [0] => 2000
        )

)


2026-07-09 07:35:10 - POST Data:
Array
(
    [action_status] => diajukan
    [ppn_nilai] => 0
    [no_pesanan] => SP/2026/09/00012
    [no_permintaan] => PO/15518/09/26
    [tgl_pesanan] => 2026-06-28
    [tglkirim] => 2026-07-01
    [unit] => FK - FARMASI KLINIS
    [nama_lampiran_existing] => 
    [nama_vendor] => ABADI NUSA USAHA SEMESTA PT
    [no_tawar] => 100/SPH/AN/MFR/XI/2025/REV
    [tgl_tawar] => 2026-07-07
    [pembayaran] => Tunai / Cash
    [pembayaran1] => -
    [notein] => vv
    [harga_vendor] => 499998000
    [diskon_type] => percent
    [diskon_vendor] => 5
    [nama_barang] => Array
        (
            [0] => dssd
        )

    [spec] => Array
        (
            [0] => ada
        )

    [merk] => Array
        (
            [0] => Sindu
        )

    [model] => Array
        (
            [0] => A1
        )

    [jumlah] => Array
        (
            [0] => 10
        )

    [satuan] => Array
        (
            [0] => pcs
        )

    [harga_satuan] => Array
        (
            [0] => 50000000
        )

    [disc_item] => Array
        (
            [0] => 2000
        )

)


2026-07-09 09:12:50 - POST Data:
Array
(
    [action_status] => diajukan
    [ppn_nilai] => 5609780
    [no_pesanan] => SP/2026/07/7780
    [no_permintaan] => 99999
    [tgl_pesanan] => 2026-07-09
    [tglkirim] => 2026-07-08
    [unit] => KTM - ADMISSION & CUSTOMER CARE/KTM
    [nama_lampiran_existing] => 
    [nama_vendor] => A NUR ADVERTISING
    [no_tawar] => 1111111
    [tgl_tawar] => 2026-07-22
    [pembayaran] => Transfer Bank
    [pembayaran1] => 
    [notein] => testing catatan
    [harga_vendor] => 50998000
    [diskon_type] => percent
    [diskon_vendor] => 0
    [nama_barang] => Array
        (
            [0] => Barang 1
            [1] => Barang 2
        )

    [spec] => Array
        (
            [0] => tes spec
            [1] => aa
        )

    [merk] => Array
        (
            [0] => a
            [1] => aa
        )

    [model] => Array
        (
            [0] => a
            [1] => aa
        )

    [jumlah] => Array
        (
            [0] => 10
            [1] => 11
        )

    [satuan] => Array
        (
            [0] => pcs
            [1] => pcs
        )

    [harga_satuan] => Array
        (
            [0] => 100000
            [1] => 5000000
        )

    [disc_item] => Array
        (
            [0] => 2000
            [1] => 5000000
        )

)


2026-07-09 09:17:18 - POST Data:
Array
(
    [action_status] => diajukan
    [ppn_nilai] => 109890
    [no_pesanan] => SP/2026/07/7781
    [no_permintaan] => 321
    [tgl_pesanan] => 2026-07-09
    [tglkirim] => 
    [unit] => BPA - BIARA PROPINSI ALAT
    [nama_lampiran_existing] => 
    [nama_vendor] => ABBOT DIAGNOSTICS DIVISION
    [no_tawar] => 1111
    [tgl_tawar] => 2026-07-14
    [pembayaran] => Kredit 30 Hari
    [pembayaran1] => 
    [notein] => dsgtrhtdrhytj
    [harga_vendor] => 999000
    [diskon_type] => percent
    [diskon_vendor] => 0
    [nama_barang] => Array
        (
            [0] => Barang1
        )

    [spec] => Array
        (
            [0] => sfew
        )

    [merk] => Array
        (
            [0] => dg
        )

    [model] => Array
        (
            [0] => dsgvdfsv
        )

    [jumlah] => Array
        (
            [0] => 10
        )

    [satuan] => Array
        (
            [0] => pcs
        )

    [harga_satuan] => Array
        (
            [0] => 100000
        )

    [disc_item] => Array
        (
            [0] => 1000
        )

)


2026-07-09 09:29:27 - POST Data:
Array
(
    [action_status] => diajukan
    [ppn_nilai] => 0
    [no_pesanan] => SP/2026/07/7783
    [no_permintaan] => 1233
    [tgl_pesanan] => 2026-07-08
    [tglkirim] => 2026-07-17
    [unit] => POK - PENCAMPURAN OBAT KEMO
    [nama_lampiran_existing] => 
    [nama_vendor] => ADAM FARMA, APOTEK
    [no_tawar] => 135
    [tgl_tawar] => 2026-07-15
    [pembayaran] => Kredit 30 Hari
    [pembayaran1] => 
    [notein] => kmkljkl
    [harga_vendor] => 90000
    [diskon_type] => percent
    [diskon_vendor] => 0
    [nama_barang] => Array
        (
            [0] => llll
        )

    [spec] => Array
        (
            [0] => 554
        )

    [merk] => Array
        (
            [0] => 49+
        )

    [model] => Array
        (
            [0] => 498
        )

    [jumlah] => Array
        (
            [0] => 1
        )

    [satuan] => Array
        (
            [0] => pcs
        )

    [harga_satuan] => Array
        (
            [0] => 100000
        )

    [disc_item] => Array
        (
            [0] => 10000
        )

)


